../Core/Src/main.c:103:6:uart_print	16	static
../Core/Src/main.c:109:9:char_is_framestart	16	static
../Core/Src/main.c:118:9:char_is_endmessage	16	static
../Core/Src/main.c:128:9:rx_has_data	4	static
../Core/Src/main.c:137:6:increase_rx_empty	4	static
../Core/Src/main.c:146:6:increase_rx_busy	4	static
../Core/Src/main.c:156:9:tx_has_data	4	static
../Core/Src/main.c:165:6:increase_tx_empty	4	static
../Core/Src/main.c:174:6:increase_tx_busy	4	static
../Core/Src/main.c:184:9:char_is_frame_start_end	16	static
../Core/Src/main.c:194:10:clear_array	24	static
../Core/Src/main.c:206:9:get_char	16	static
../Core/Src/main.c:216:10:get_message	32	static
../Core/Src/main.c:252:6:return_message	128	static,ignoring_inline_asm
../Core/Src/main.c:291:9:analyze_frame	152	static
../Core/Src/main.c:586:6:execute_command	16	static
../Core/Src/main.c:612:5:main	32	static
../Core/Src/main.c:702:6:SystemClock_Config	88	static
../Core/Src/main.c:757:13:MX_USART3_UART_Init	8	static
../Core/Src/main.c:792:13:MX_GPIO_Init	48	static
../Core/Src/main.c:822:6:HAL_UART_RxCpltCallback	16	static
../Core/Src/main.c:842:6:HAL_UART_TxCpltCallback	16	static
../Core/Src/main.c:862:6:Error_Handler	4	static,ignoring_inline_asm
