../Core/Src/main.c:97:6:uart_print	16	static
../Core/Src/main.c:103:9:char_is_framestart	16	static
../Core/Src/main.c:112:9:char_is_endmessage	16	static
../Core/Src/main.c:122:9:rx_has_data	4	static
../Core/Src/main.c:131:6:increase_rx_empty	4	static
../Core/Src/main.c:140:6:increase_rx_busy	4	static
../Core/Src/main.c:150:9:tx_has_data	4	static
../Core/Src/main.c:159:6:increase_tx_empty	4	static
../Core/Src/main.c:168:6:increase_tx_busy	4	static
../Core/Src/main.c:178:9:char_is_frame_start_end	16	static
../Core/Src/main.c:188:10:clear_array	24	static
../Core/Src/main.c:200:9:get_char	16	static
../Core/Src/main.c:210:10:get_message	32	static
../Core/Src/main.c:246:6:return_message	128	static,ignoring_inline_asm
../Core/Src/main.c:285:9:analyze_frame	136	static
../Core/Src/main.c:537:6:execute_command	16	static
../Core/Src/main.c:563:5:main	32	static
../Core/Src/main.c:643:6:SystemClock_Config	88	static
../Core/Src/main.c:698:13:MX_USART3_UART_Init	8	static
../Core/Src/main.c:733:13:MX_GPIO_Init	48	static
../Core/Src/main.c:763:6:HAL_UART_RxCpltCallback	16	static
../Core/Src/main.c:783:6:HAL_UART_TxCpltCallback	16	static
../Core/Src/main.c:803:6:Error_Handler	4	static,ignoring_inline_asm
