../Drivers/CMSIS/Include/core_cm7.h:2229:22:SCB_EnableICache	4	static,ignoring_inline_asm
../Drivers/CMSIS/Include/core_cm7.h:2281:22:SCB_EnableDCache	24	static,ignoring_inline_asm
../Core/Src/main.c:62:6:uart_print	16	static
../Core/Src/main.c:69:6:increase_rx_empty	4	static
../Core/Src/main.c:88:5:main	48	dynamic
../Core/Src/main.c:207:6:SystemClock_Config	88	static
../Core/Src/main.c:249:13:MX_USART3_UART_Init	8	static
../Core/Src/main.c:284:13:MX_GPIO_Init	40	static
../Core/Src/main.c:306:6:HAL_UART_RxCpltCallback	16	static
../Core/Src/main.c:328:6:MPU_Config	24	static
../Core/Src/main.c:359:6:Error_Handler	4	static,ignoring_inline_asm
