../Drivers/CMSIS/Include/core_cm7.h:2229:22:SCB_EnableICache	4	static,ignoring_inline_asm
../Drivers/CMSIS/Include/core_cm7.h:2281:22:SCB_EnableDCache	24	static,ignoring_inline_asm
../Core/Src/main.c:70:6:uart_print	16	static
../Core/Src/main.c:77:9:char_is_endmessage	16	static
../Core/Src/main.c:86:9:rx_has_data	4	static
../Core/Src/main.c:95:6:increase_rx_empty	4	static
../Core/Src/main.c:104:6:increase_rx_busy	4	static
../Core/Src/main.c:114:9:get_char	16	static
../Core/Src/main.c:124:10:get_message	32	static
../Core/Src/main.c:159:6:turn_on_led	8	static
../Core/Src/main.c:164:6:turn_off_led	8	static
../Core/Src/main.c:179:5:main	16	static
../Core/Src/main.c:300:6:SystemClock_Config	88	static
../Core/Src/main.c:342:13:MX_USART3_UART_Init	8	static
../Core/Src/main.c:377:13:MX_GPIO_Init	40	static
../Core/Src/main.c:399:6:HAL_UART_RxCpltCallback	16	static
../Core/Src/main.c:421:6:MPU_Config	24	static
../Core/Src/main.c:452:6:Error_Handler	4	static,ignoring_inline_asm
